
R version 4.0.3 (2020-10-10) -- "Bunny-Wunnies Freak Out"
Copyright (C) 2020 The R Foundation for Statistical Computing
Platform: x86_64-pc-linux-gnu (64-bit)

R is free software and comes with ABSOLUTELY NO WARRANTY.
You are welcome to redistribute it under certain conditions.
Type 'license()' or 'licence()' for distribution details.

R is a collaborative project with many contributors.
Type 'contributors()' for more information and
'citation()' on how to cite R or R packages in publications.

Type 'demo()' for some demos, 'help()' for on-line help, or
'help.start()' for an HTML browser interface to help.
Type 'q()' to quit R.

> ## tests from David Firth 2004-Oct-13
> 
> library(MASS)
> y <- structure(as.integer(c(1, 2, 3, 1, 2, 3)), .Label = c("1", "2", "3"),
+                class = c("ordered", "factor"))
> Freq <- c(10, 0, 10, 10, 0, 10)
> group <- structure(as.integer(c(1, 1, 1, 2, 2, 2)), .Label = c("1", "2"),
+                    class = "factor")
> 
> temp <- polr(y ~ group, weights = Freq)
> temp$convergence
[1] 0
> temp
Call:
polr(formula = y ~ group, weights = Freq)

Coefficients:
      group2 
1.343627e-05 

Intercepts:
          1|2           2|3 
-3.063137e-06  5.243239e-05 

Residual Deviance: 55.45288 
AIC: 61.45288 
> 
> stopifnot(all(abs(coef(temp)) < 1e-4))
> 
> Freq <- c(1000000, 1, 1000000, 1000000, 1, 1000000)
> temp2 <- polr(y ~ group, weights = Freq)
> temp2
Call:
polr(formula = y ~ group, weights = Freq)

Coefficients:
      group2 
-5.76646e-06 

Intercepts:
          1|2           2|3 
-5.109867e-06 -2.248398e-06 

Residual Deviance: 5545239.77 
AIC: 5545245.77 
> 
> stopifnot(all(abs(coef(temp2)) < 1e-4))
> 
> ## tests of rank-deficient model matrix
> 
> group <- factor(c(1, 1, 1, 2, 2, 2), levels=1:3)
> polr(y ~ group, weights = Freq)
Call:
polr(formula = y ~ group, weights = Freq)

Coefficients:
      group2 
-5.76646e-06 

Intercepts:
          1|2           2|3 
-5.109867e-06 -2.248398e-06 

Residual Deviance: 5545239.77 
AIC: 5545245.77 
Warning message:
In polr(y ~ group, weights = Freq) :
  design appears to be rank-deficient, so dropping some coefs
> group <- factor(c(1, 1, 1, 3, 3, 3), levels=1:3)
> polr(y ~ group, weights = Freq)
Call:
polr(formula = y ~ group, weights = Freq)

Coefficients:
      group3 
-5.76646e-06 

Intercepts:
          1|2           2|3 
-5.109867e-06 -2.248398e-06 

Residual Deviance: 5545239.77 
AIC: 5545245.77 
Warning message:
In polr(y ~ group, weights = Freq) :
  design appears to be rank-deficient, so dropping some coefs
> 
> ## profile on a single-coef model
> ## data from McCullagh JRSSB 1980
> tonsils <- data.frame(carrier = factor(rep(c('yes', 'no'), each=3)),
+                       size = ordered(rep(c(1,2,3),2)),
+                       count = c(19,29,24,497,560,269))
> m <- polr(size ~ carrier, data = tonsils, weights = count)
> confint(m)
Waiting for profiling to be done...

Re-fitting to get Hessian

   2.5 %   97.5 % 
0.157089 1.050021 
> 
> 
> ## refitting needs transformed starting values (Achim Zeileis Mar 2010)
> load("BankWages.rda") # from AER
> bw <- polr(job ~ education, data = BankWages)
> summary(bw)

Re-fitting to get Hessian

Call:
polr(formula = job ~ education, data = BankWages)

Coefficients:
           Value Std. Error t value
education 0.8431    0.07595    11.1

Intercepts:
                Value   Std. Error t value
custodial|admin  6.4069  0.7358     8.7074
admin|manage    14.1425  1.1971    11.8136

Residual Deviance: 389.6449 
AIC: 395.6449 
> ## failed due to incorrect restarting values
> 
> ## missing drop = FALSE in profiling (Joris Meys, Sep 2012)
> house.plr <- polr(Sat ~ Cont, weights = Freq, data = housing)
> pr <- profile(house.plr)

Re-fitting to get Hessian

> plot(pr)
> 
> 
