
R version 4.0.3 (2020-10-10) -- "Bunny-Wunnies Freak Out"
Copyright (C) 2020 The R Foundation for Statistical Computing
Platform: x86_64-pc-linux-gnu (64-bit)

R is free software and comes with ABSOLUTELY NO WARRANTY.
You are welcome to redistribute it under certain conditions.
Type 'license()' or 'licence()' for distribution details.

R is a collaborative project with many contributors.
Type 'contributors()' for more information and
'citation()' on how to cite R or R packages in publications.

Type 'demo()' for some demos, 'help()' for on-line help, or
'help.start()' for an HTML browser interface to help.
Type 'q()' to quit R.

> ## failed in bkfe with exaxt powers of 2 prior to 2.23-5
> library(KernSmooth)
KernSmooth 2.23 loaded
Copyright M. P. Wand 1997-2009
> x <- 1:100
> dpik(x, gridsize = 256)
[1] 11.18973
> ## and for bkde for some x.
> x <- c(0.036, 0.042, 0.052, 0.216, 0.368, 0.511, 0.705, 0.753, 0.776, 0.84)
> bkde(x, gridsize = 256, range.x = range(x))
$x
  [1] 0.03600000 0.03915294 0.04230588 0.04545882 0.04861176 0.05176471
  [7] 0.05491765 0.05807059 0.06122353 0.06437647 0.06752941 0.07068235
 [13] 0.07383529 0.07698824 0.08014118 0.08329412 0.08644706 0.08960000
 [19] 0.09275294 0.09590588 0.09905882 0.10221176 0.10536471 0.10851765
 [25] 0.11167059 0.11482353 0.11797647 0.12112941 0.12428235 0.12743529
 [31] 0.13058824 0.13374118 0.13689412 0.14004706 0.14320000 0.14635294
 [37] 0.14950588 0.15265882 0.15581176 0.15896471 0.16211765 0.16527059
 [43] 0.16842353 0.17157647 0.17472941 0.17788235 0.18103529 0.18418824
 [49] 0.18734118 0.19049412 0.19364706 0.19680000 0.19995294 0.20310588
 [55] 0.20625882 0.20941176 0.21256471 0.21571765 0.21887059 0.22202353
 [61] 0.22517647 0.22832941 0.23148235 0.23463529 0.23778824 0.24094118
 [67] 0.24409412 0.24724706 0.25040000 0.25355294 0.25670588 0.25985882
 [73] 0.26301176 0.26616471 0.26931765 0.27247059 0.27562353 0.27877647
 [79] 0.28192941 0.28508235 0.28823529 0.29138824 0.29454118 0.29769412
 [85] 0.30084706 0.30400000 0.30715294 0.31030588 0.31345882 0.31661176
 [91] 0.31976471 0.32291765 0.32607059 0.32922353 0.33237647 0.33552941
 [97] 0.33868235 0.34183529 0.34498824 0.34814118 0.35129412 0.35444706
[103] 0.35760000 0.36075294 0.36390588 0.36705882 0.37021176 0.37336471
[109] 0.37651765 0.37967059 0.38282353 0.38597647 0.38912941 0.39228235
[115] 0.39543529 0.39858824 0.40174118 0.40489412 0.40804706 0.41120000
[121] 0.41435294 0.41750588 0.42065882 0.42381176 0.42696471 0.43011765
[127] 0.43327059 0.43642353 0.43957647 0.44272941 0.44588235 0.44903529
[133] 0.45218824 0.45534118 0.45849412 0.46164706 0.46480000 0.46795294
[139] 0.47110588 0.47425882 0.47741176 0.48056471 0.48371765 0.48687059
[145] 0.49002353 0.49317647 0.49632941 0.49948235 0.50263529 0.50578824
[151] 0.50894118 0.51209412 0.51524706 0.51840000 0.52155294 0.52470588
[157] 0.52785882 0.53101176 0.53416471 0.53731765 0.54047059 0.54362353
[163] 0.54677647 0.54992941 0.55308235 0.55623529 0.55938824 0.56254118
[169] 0.56569412 0.56884706 0.57200000 0.57515294 0.57830588 0.58145882
[175] 0.58461176 0.58776471 0.59091765 0.59407059 0.59722353 0.60037647
[181] 0.60352941 0.60668235 0.60983529 0.61298824 0.61614118 0.61929412
[187] 0.62244706 0.62560000 0.62875294 0.63190588 0.63505882 0.63821176
[193] 0.64136471 0.64451765 0.64767059 0.65082353 0.65397647 0.65712941
[199] 0.66028235 0.66343529 0.66658824 0.66974118 0.67289412 0.67604706
[205] 0.67920000 0.68235294 0.68550588 0.68865882 0.69181176 0.69496471
[211] 0.69811765 0.70127059 0.70442353 0.70757647 0.71072941 0.71388235
[217] 0.71703529 0.72018824 0.72334118 0.72649412 0.72964706 0.73280000
[223] 0.73595294 0.73910588 0.74225882 0.74541176 0.74856471 0.75171765
[229] 0.75487059 0.75802353 0.76117647 0.76432941 0.76748235 0.77063529
[235] 0.77378824 0.77694118 0.78009412 0.78324706 0.78640000 0.78955294
[241] 0.79270588 0.79585882 0.79901176 0.80216471 0.80531765 0.80847059
[247] 0.81162353 0.81477647 0.81792941 0.82108235 0.82423529 0.82738824
[253] 0.83054118 0.83369412 0.83684706 0.84000000

$y
  [1] 0.7225914 0.7260578 0.7294566 0.7327872 0.7360491 0.7392421 0.7423658
  [8] 0.7454198 0.7484039 0.7513179 0.7541616 0.7569348 0.7596374 0.7622695
 [15] 0.7648309 0.7673216 0.7697418 0.7720914 0.7743707 0.7765799 0.7787190
 [22] 0.7807884 0.7827883 0.7847192 0.7865812 0.7883749 0.7901006 0.7917589
 [29] 0.7933502 0.7948750 0.7963340 0.7977277 0.7990568 0.8003220 0.8015238
 [36] 0.8026632 0.8037407 0.8047573 0.8057137 0.8066108 0.8074494 0.8082304
 [43] 0.8089548 0.8096234 0.8102374 0.8107975 0.8113050 0.8117607 0.8121657
 [50] 0.8125211 0.8128280 0.8130875 0.8133006 0.8134686 0.8135925 0.8136735
 [57] 0.8137127 0.8137114 0.8136707 0.8135918 0.8134758 0.8133241 0.8131377
 [64] 0.8129180 0.8126660 0.8123831 0.8120703 0.8117290 0.8113604 0.8109656
 [71] 0.8105458 0.8101023 0.8096361 0.8091486 0.8086409 0.8081141 0.8075694
 [78] 0.8070079 0.8064308 0.8058392 0.8052342 0.8046168 0.8039882 0.8033494
 [85] 0.8027014 0.8020453 0.8013821 0.8007127 0.8000381 0.7993592 0.7986771
 [92] 0.7979924 0.7973063 0.7966193 0.7959325 0.7952466 0.7945624 0.7938805
 [99] 0.7932018 0.7925269 0.7918565 0.7911912 0.7905315 0.7898782 0.7892317
[106] 0.7885925 0.7879611 0.7873380 0.7867236 0.7861183 0.7855224 0.7849362
[113] 0.7843601 0.7837942 0.7832389 0.7826943 0.7821605 0.7816378 0.7811261
[120] 0.7806256 0.7801363 0.7796581 0.7791911 0.7787351 0.7782901 0.7778559
[127] 0.7774324 0.7770193 0.7766164 0.7762235 0.7758402 0.7754663 0.7751013
[134] 0.7747449 0.7743967 0.7740562 0.7737230 0.7733965 0.7730762 0.7727615
[141] 0.7724519 0.7721467 0.7718454 0.7715472 0.7712514 0.7709574 0.7706644
[148] 0.7703716 0.7700783 0.7697837 0.7694868 0.7691870 0.7688833 0.7685749
[155] 0.7682608 0.7679402 0.7676121 0.7672755 0.7669296 0.7665733 0.7662056
[162] 0.7658257 0.7654324 0.7650247 0.7646017 0.7641623 0.7637054 0.7632301
[169] 0.7627353 0.7622199 0.7616828 0.7611231 0.7605397 0.7599315 0.7592975
[176] 0.7586366 0.7579478 0.7572301 0.7564823 0.7557035 0.7548927 0.7540489
[183] 0.7531710 0.7522580 0.7513090 0.7503231 0.7492991 0.7482363 0.7471337
[190] 0.7459904 0.7448054 0.7435780 0.7423073 0.7409923 0.7396324 0.7382267
[197] 0.7367744 0.7352749 0.7337273 0.7321311 0.7304854 0.7287897 0.7270433
[204] 0.7252457 0.7233962 0.7214944 0.7195398 0.7175318 0.7154700 0.7133540
[211] 0.7111835 0.7089579 0.7066772 0.7043409 0.7019488 0.6995006 0.6969963
[218] 0.6944356 0.6918184 0.6891447 0.6864143 0.6836274 0.6807838 0.6778836
[225] 0.6749270 0.6719141 0.6688449 0.6657198 0.6625390 0.6593026 0.6560111
[232] 0.6526647 0.6492639 0.6458090 0.6423004 0.6387387 0.6351244 0.6314579
[239] 0.6277399 0.6239709 0.6201516 0.6162827 0.6123648 0.6083988 0.6043852
[246] 0.6003250 0.5962190 0.5920679 0.5878728 0.5836343 0.5793536 0.5750315
[253] 0.5706690 0.5662671 0.5618269 0.5573493

> 
> 
