
R version 4.0.3 (2020-10-10) -- "Bunny-Wunnies Freak Out"
Copyright (C) 2020 The R Foundation for Statistical Computing
Platform: x86_64-pc-linux-gnu (64-bit)

R is free software and comes with ABSOLUTELY NO WARRANTY.
You are welcome to redistribute it under certain conditions.
Type 'license()' or 'licence()' for distribution details.

R is a collaborative project with many contributors.
Type 'contributors()' for more information and
'citation()' on how to cite R or R packages in publications.

Type 'demo()' for some demos, 'help()' for on-line help, or
'help.start()' for an HTML browser interface to help.
Type 'q()' to quit R.

> require("tools")
Loading required package: tools
> 
> # -------------------------------------------------------------------
> # find_wide_Rd_lines_in_Rd_object: render stage=render \Sexpr
> # expressions within \examples if installed = TRUE.
> 
> rd <- sprintf("
+ \\name{foo}
+ \\title{Title}
+ \\description{Desc.}
+ \\examples{
+   \\Sexpr[stage=render]{\"# foobar\"}
+   \\Sexpr[stage=render]{strrep(\"long \", 30)}
+   # %s
+ }", strrep("123456789 ", 10))
> 
> rd <- tools::parse_Rd(con <- textConnection(rd)); close(con)
> 
> # does not error, but finds long lines, dynamic ones as well
> bad <- tools:::find_wide_Rd_lines_in_Rd_object(rd, installed = TRUE)
> stopifnot(
+   "examples" %in% names(bad),
+   "warn" %in% names(bad$examples),
+   any(grepl("123456789 ", bad$examples$warn)),
+   any(grepl("long ", bad$examples$warn))
+ )
> 
> # does error currently
> err <- NULL
> tryCatch(
+   tools:::find_wide_Rd_lines_in_Rd_object(rd, installed = FALSE),
+   error = function(e) err <<- e
+ )
> stopifnot(!is.null(err))
> 
